Starting a Gradle Daemon, 4 stopped Daemons could not be reused, use --status for details

> Configure project :app
WARNING: The option setting 'android.disallowKotlinSourceSets=false' is experimental.
The current default is 'true'.

> Task :app:clean
> Task :markor-editor:clean

BUILD SUCCESSFUL in 15s
2 actionable tasks: 2 executed
Consider enabling configuration cache to speed up this build: https://docs.gradle.org/9.4.1/userguide/configuration_cache_enabling.html
